728
394
1276
301
410
338
237
198
569
282
448
664
1092
295
200
499
266
286
799
960
1014
746
83
259
317
433
249
410
235
267
362
366
175
448
409
434
418
399
409
281
584
421
485
150
130
281
444
1359
481
330
549
73
115
305
546
173
1295
609
359
811
413
160
250
195
948
967
519
167
450
640
919
673
292
368
287
420
472
394
215
312
543
148
420
595
414
192
704
502
246
671
184
206
210
754
792
815
669
397
173
531
