6914
2048
15367
20878
10594
9820
19987
19008
10695
26628
22568
6481
26975
3615
20894
15282
27833
25371
26195
8946
19396
3193
15580
35181
14363
15643
10598
10705
13643
20055
12301
11876
5722
2062
16562
20619
28023
49664
8092
14336
5863
21071
16391
8126
18051
12089
12986
27999
16577
12619
36085
11921
10932
14159
15888
42121
10829
22257
9136
17130
14762
9276
23545
17162
8490
12323
5225
8655
9249
8510
10885
2928
30588
18048
10236
28009
5416
10751
9173
23596
19556
18643
13754
21766
25897
2261
6320
18496
11759
8380
19568
6839
19401
10820
16436
11698
6824
7376
11561
7184
