1781
1432
3482
5326
2097
2313
2728
2222
4467
1897
6151
3141
2335
10821
2419
4969
2204
3177
2096
4271
9955
2787
3439
2718
3316
1223
5791
2056
4174
2552
1431
3340
561
1799
7007
3542
2780
1964
3313
2353
2443
533
3139
5115
3310
6680
3438
3207
4952
6305
4784
7239
2895
4056
3660
6592
3176
1820
4115
2745
3733
259
3809
1700
7495
3216
1733
1959
1809
3012
2616
5960
3856
3783
3537
2900
3524
1942
7318
2210
7299
8431
2783
1321
6147
3761
5642
3546
4574
1496
3870
5313
4239
6773
2323
2845
2425
3383
6696
3073
