291 714 468 664 338 218
110 22 160 456 384 873 903 858
139 976 976 534 957 64 784 16 295 47 211 195
87 126 187 926 917 917 998 182 336 31
50 147 201 486 557 790 953 779 925 408 918 373 812 174 586 58
2 58 60 935 143 973 174 971 631 940 777 842 962 666 945 416 844 101
11 752 140 937 501 993 615 993 884 914 992 801 992 149 983 35 221 52 20 342 15 523 12 690
1 339 4 922 29 969 48 992 213 999 619 997 830 991 965 919 997 781 999 44 968 20 811 2 791 1 469 4 82 23 55 27 32 43 13 93
