899
-9048
-626
-85059
-628
866
1
-235
-233969
354
-20778
482622
50975
-66458
-164
6523413
992
-880
5149144
789
-22263
-843
7783
-426
-8016
1570
786
-105931
-148792
1093564
7186
-870
623
457
-6759
1305
-619
407
-4266042
28604
-6131
-1065
-391
385362
-175833
-441
-520
164899
-728
-1774
-463
113945
-1039807
-49821
21532
12495
-39875
991
-937299
-3829
-1628440
826
1374
128327
-800
-5240508
144
-535
-125529
-328
-9222
444
3785
35679
-342
-69218
567
-1842059
-1451632
-860
1
-768
895
283602
-130134
1031833
112240
-710
1540
-902
141
628
-2498775
409
-547
2448
-1097805
-351
-290296
448
