831
-247
980
-551322194490
-18
198301144
825
852
-761
-1111132411
-717
-915
4102886
-134
673
-855
-46
-62975996
915
-1670340
14136650906
-2307459685
-162
223
47
-638
-3657867980
-399
155
76048
294
-30826125
-36269
-63262388
-203
49168513616
1014
-3690
21028481
884
-6
-430475224104
-60613223151
-239005570347
1831
2541281
-357
-854
602
-2809852446
11508564309136
5515667054
325
32234669571
1735615
870
11264332
-403
45
658
-732
3840
-146
1046
589
91150460655
12276616
-88153066
55615561
-237
-20281061
-643
727
-1778158
-412
-7239
7759
-238
983648
500
-595
-587
889304891
-3383849422583
1682530372
-779
-467
923
-973
-520
-237
227890405
812
9523507
202805228
-718
-51
-725
-83517630
-90824
