-826
775325370
-484
679
-895
-242
-911
-84
-1499156996
37504
256782926
104883
71109
301
-663
-694
-223
891
1138
-548214859
-10423197
1408584432
-36962
-26
-164819
39220453
-959640
762
49079
-96
1139
-19976602
-14
-776
-118
-1606625079
-1071216
3222145
171
-96972945
-661
7024934
-1809944536
459373
-243
-32
6254164354
-780
-332
544
2936
-5355
-919
78473333
-1121
-11653605
-797
-67
178
-1394
592
-981
-1000
749
-659
-3909175
878
-275
891
-238
570
341
-453
-2386026
733
131785
-168190889
-3537
1102
-456
693
1262
311527
-251
-30369
41
-114787839
-355
-10825280
509
-1996767465
-930
480
15352921
-105993423
344425
209
13137
66403
3078821
