0 
1 Q
2 LD
3 GXC
5 TLFUX
9 BDNQNJWPX
10 SMGPWNTBQG
