1948 1 2 5
1735 1 3 4 6
2276 1 3 6
1823 1 2 5
2536 1 2 4 5
1897 3 4 5
3399 2 5 6 8 10
2668 2 3 4 7 8 9
1659 1 4
2550 1 3 5 6
