8262 1 2 3 5 6 9 10 13 14 18 20 22 23 24 25
8607 3 4 5 6 7 10 11 12 13 15 16 17 18 19 20 21
12470 1 2 3 4 5 6 7 8 9 12 13 14 15 16 17 19 20 22 23
10429 1 2 3 5 6 7 8 10 11 13 14 15 17 18 20 21 22 23
10017 2 3 4 6 10 11 12 13 15 17 18 19 21
10701 1 2 4 5 6 7 8 9 10 11 12 15 18 19 20 22 23 24 25
9774 1 4 5 8 10 11 13 14 15 16 20 21 26
10399 2 3 4 5 6 8 10 11 12 13 14 16 17 20 22 23
10481 1 2 3 4 5 6 7 8 10 11 12 14 18 19 20 23
7963 1 2 4 7 9 14 15 17 19 21 22 23
