7650 1 2 3 5 7 8 9 10 11 13 14
5152 1 3 5 6 7 9 10 14
5833 1 2 4 5 6 7 8 14 18
5215 4 5 6 7 8 14 16
6827 1 2 3 4 6 7 10 11 14
4903 2 3 7 8 11 12
7071 4 6 7 8 10 11 12 13 16 17
7489 1 2 3 5 6 7 9 10 11 12 15 16
5316 1 2 3 4 6 7 8 10
7152 1 2 3 5 6 7 9 10 11 14 15 18
