18 8 8 10
3 8 13 18 23 28 31 18 16
2 -5 10 2 2
5 -18 -4 -17 -17 -4
-18 18 11 -31 -10 25 -10 6
-1 8 -40 -51 -8 -14 -14 -12
63 -14 5 4 31 -32 -12 53 4 13
-38 28 -57 42 -55 -17 8 20 15 -45 -17 -21
-22 -11 83 35 -28 -9 -47 39 30 -58 -4 -41 -11 -6
-50 17 -65 -151 75 47 15 13 142 -17 -89 121 -101 68 85 34 3 -55 -25 47 13 10
65 88 39 70 4 178 -46 50 4 -21 -142 -31 149 -93 -103 18 184 -157 117 -12 128 -188 -3 52 4 4
